[debug] [2026-08-06T09:39:14.399Z] ----------------------------------------------------------------------
[debug] [2026-08-06T09:39:14.404Z] Command:       C:\nvm4w\nodejs\node.exe C:\nvm4w\nodejs\node_modules\firebase-tools\lib\bin\firebase.js deploy --only hosting
[debug] [2026-08-06T09:39:14.404Z] CLI Version:   15.24.0
[debug] [2026-08-06T09:39:14.405Z] Platform:      win32
[debug] [2026-08-06T09:39:14.405Z] Node Version:  v22.22.2
[debug] [2026-08-06T09:39:14.405Z] Detected Agent: antigravity
[debug] [2026-08-06T09:39:14.405Z] Time:          Thu Aug 06 2026 15:09:14 GMT+0530 (India Standard Time)
[debug] [2026-08-06T09:39:14.406Z] ----------------------------------------------------------------------
[debug] 
[debug] [2026-08-06T09:39:14.425Z] >>> [apiv2][query] GET https://firebase-public.firebaseio.com/cli.json [none]
[debug] [2026-08-06T09:40:11.370Z] > command requires scopes: ["email","openid","https://www.googleapis.com/auth/cloudplatformprojects.readonly","https://www.googleapis.com/auth/firebase","https://www.googleapis.com/auth/cloud-platform"]
[debug] [2026-08-06T09:40:11.370Z] > authorizing via signed-in user (adityapatil2549@gmail.com)
[debug] [2026-08-06T09:40:11.370Z] [iam] checking project spendwise-458f0 for permissions ["firebase.projects.get","firebasehosting.sites.update"]
[debug] [2026-08-06T09:40:11.372Z] Checked if tokens are valid: false, expires at: 1786003662959
[debug] [2026-08-06T09:40:11.372Z] Checked if tokens are valid: false, expires at: 1786003662959
[debug] [2026-08-06T09:40:11.373Z] > refreshing access token with scopes: []
[debug] [2026-08-06T09:40:11.374Z] >>> [apiv2][query] POST https://www.googleapis.com/oauth2/v3/token [none]
[debug] [2026-08-06T09:40:11.375Z] >>> [apiv2][body] POST https://www.googleapis.com/oauth2/v3/token [omitted]
[debug] [2026-08-06T09:40:21.499Z] *** [apiv2] error from fetch(https://firebase-public.firebaseio.com/cli.json, {"headers":{},"method":"GET"}): ConnectTimeoutError: Connect Timeout Error (attempted addresses: 34.120.160.131:443, timeout: 10000ms)
[warn] !  Unable to fetch the CLI MOTD and remote config. This is not a fatal error, but may indicate an issue with your network connection. 
[debug] [2026-08-06T09:40:21.501Z] Failed to fetch MOTD FirebaseError: Failed to make request to https://firebase-public.firebaseio.com/cli.json
[debug] [2026-08-06T09:40:21.503Z] *** [apiv2] error from fetch(https://www.googleapis.com/oauth2/v3/token, {"headers":{},"method":"POST","body":{"type":"Buffer","data":[45,45,45,45,45,45,45,45,45,45,45,45,45,45,45,45,45,45,45,45,45,45,45,45,45,45,45,45,57,98,101,50,57,49,102,100,99,100,56,57,55,100,57,52,97,54,55,98,50,57,57,50,13,10,67,111,110,116,101,110,116,45,68,105,115,112,111,115,105,116,105,111,110,58,32,102,111,114,109,45,100,97,116,97,59,32,110,97,109,101,61,34,114,101,102,114,101,115,104,95,116,111,107,101,110,34,13,10,13,10,49,47,47,48,103,66,108,52,65,99,114,87,67,84,105,86,67,103,89,73,65,82,65,65,71,66,65,83,78,119,70,45,76,57,73,114,51,79,78,118,116,100,115,74,89,57,122,78,75,76,97,122,71,55,83,76,88,72,88,118,110,69,120,86,80,99,101,57,51,71,72,118,107,109,74,90,78,119,108,114,83,100,119,65,88,56,111,117,80,55,101,73,79,72,118,81,108,45,70,85,109,117,48,13,10,45,45,45,45,45,45,45,45,45,45,45,45,45,45,45,45,45,45,45,45,45,45,45,45,45,45,45,45,57,98,101,50,57,49,102,100,99,100,56,57,55,100,57,52,97,54,55,98,50,57,57,50,13,10,67,111,110,116,101,110,116,45,68,105,115,112,111,115,105,116,105,111,110,58,32,102,111,114,109,45,100,97,116,97,59,32,110,97,109,101,61,34,99,108,105,101,110,116,95,105,100,34,13,10,13,10,53,54,51,53,56,52,51,51,53,56,54,57,45,102,103,114,104,103,109,100,52,55,98,113,110,101,107,105,106,53,105,56,98,53,112,114,48,51,104,111,56,52,57,101,54,46,97,112,112,115,46,103,111,111,103,108,101,117,115,101,114,99,111,110,116,101,110,116,46,99,111,109,13,10,45,45,45,45,45,45,45,45,45,45,45,45,45,45,45,45,45,45,45,45,45,45,45,45,45,45,45,45,57,98,101,50,57,49,102,100,99,100,56,57,55,100,57,52,97,54,55,98,50,57,57,50,13,10,67,111,110,116,101,110,116,45,68,105,115,112,111,115,105,116,105,111,110,58,32,102,111,114,109,45,100,97,116,97,59,32,110,97,109,101,61,34,99,108,105,101,110,116,95,115,101,99,114,101,116,34,13,10,13,10,106,57,105,86,90,102,83,56,107,107,67,69,70,85,80,97,65,101,74,86,48,115,65,105,13,10,45,45,45,45,45,45,45,45,45,45,45,45,45,45,45,45,45,45,45,45,45,45,45,45,45,45,45,45,57,98,101,50,57,49,102,100,99,100,56,57,55,100,57,52,97,54,55,98,50,57,57,50,13,10,67,111,110,116,101,110,116,45,68,105,115,112,111,115,105,116,105,111,110,58,32,102,111,114,109,45,100,97,116,97,59,32,110,97,109,101,61,34,103,114,97,110,116,95,116,121,112,101,34,13,10,13,10,114,101,102,114,101,115,104,95,116,111,107,101,110,13,10,45,45,45,45,45,45,45,45,45,45,45,45,45,45,45,45,45,45,45,45,45,45,45,45,45,45,45,45,57,98,101,50,57,49,102,100,99,100,56,57,55,100,57,52,97,54,55,98,50,57,57,50,13,10,67,111,110,116,101,110,116,45,68,105,115,112,111,115,105,116,105,111,110,58,32,102,111,114,109,45,100,97,116,97,59,32,110,97,109,101,61,34,115,99,111,112,101,34,13,10,13,10,13,10,45,45,45,45,45,45,45,45,45,45,45,45,45,45,45,45,45,45,45,45,45,45,45,45,45,45,45,45,57,98,101,50,57,49,102,100,99,100,56,57,55,100,57,52,97,54,55,98,50,57,57,50,45,45,13,10]}}): ConnectTimeoutError: Connect Timeout Error (attempted addresses: 172.217.117.4:443, timeout: 10000ms)
[error] Authentication Error: Your credentials are no longer valid. Please run firebase login --reauth

For CI servers and headless environments, generate a new token with firebase login:ci
[debug] [2026-08-06T09:40:21.504Z] [iam] error while checking permissions, command may fail: Authentication Error: Your credentials are no longer valid. Please run firebase login --reauth

For CI servers and headless environments, generate a new token with firebase login:ci
[debug] [2026-08-06T09:40:21.505Z] Checked if tokens are valid: false, expires at: 1786003662959
[debug] [2026-08-06T09:40:21.505Z] Checked if tokens are valid: false, expires at: 1786003662959
[debug] [2026-08-06T09:40:21.505Z] > refreshing access token with scopes: []
[debug] [2026-08-06T09:40:21.506Z] >>> [apiv2][query] POST https://www.googleapis.com/oauth2/v3/token [none]
[debug] [2026-08-06T09:40:21.506Z] >>> [apiv2][body] POST https://www.googleapis.com/oauth2/v3/token [omitted]
[debug] [2026-08-06T09:40:31.691Z] *** [apiv2] error from fetch(https://www.googleapis.com/oauth2/v3/token, {"headers":{},"method":"POST","body":{"type":"Buffer","data":[45,45,45,45,45,45,45,45,45,45,45,45,45,45,45,45,45,45,45,45,45,45,45,45,45,45,45,45,57,50,55,99,53,102,100,101,97,101,51,54,56,102,56,52,97,48,55,99,101,101,101,56,13,10,67,111,110,116,101,110,116,45,68,105,115,112,111,115,105,116,105,111,110,58,32,102,111,114,109,45,100,97,116,97,59,32,110,97,109,101,61,34,114,101,102,114,101,115,104,95,116,111,107,101,110,34,13,10,13,10,49,47,47,48,103,66,108,52,65,99,114,87,67,84,105,86,67,103,89,73,65,82,65,65,71,66,65,83,78,119,70,45,76,57,73,114,51,79,78,118,116,100,115,74,89,57,122,78,75,76,97,122,71,55,83,76,88,72,88,118,110,69,120,86,80,99,101,57,51,71,72,118,107,109,74,90,78,119,108,114,83,100,119,65,88,56,111,117,80,55,101,73,79,72,118,81,108,45,70,85,109,117,48,13,10,45,45,45,45,45,45,45,45,45,45,45,45,45,45,45,45,45,45,45,45,45,45,45,45,45,45,45,45,57,50,55,99,53,102,100,101,97,101,51,54,56,102,56,52,97,48,55,99,101,101,101,56,13,10,67,111,110,116,101,110,116,45,68,105,115,112,111,115,105,116,105,111,110,58,32,102,111,114,109,45,100,97,116,97,59,32,110,97,109,101,61,34,99,108,105,101,110,116,95,105,100,34,13,10,13,10,53,54,51,53,56,52,51,51,53,56,54,57,45,102,103,114,104,103,109,100,52,55,98,113,110,101,107,105,106,53,105,56,98,53,112,114,48,51,104,111,56,52,57,101,54,46,97,112,112,115,46,103,111,111,103,108,101,117,115,101,114,99,111,110,116,101,110,116,46,99,111,109,13,10,45,45,45,45,45,45,45,45,45,45,45,45,45,45,45,45,45,45,45,45,45,45,45,45,45,45,45,45,57,50,55,99,53,102,100,101,97,101,51,54,56,102,56,52,97,48,55,99,101,101,101,56,13,10,67,111,110,116,101,110,116,45,68,105,115,112,111,115,105,116,105,111,110,58,32,102,111,114,109,45,100,97,116,97,59,32,110,97,109,101,61,34,99,108,105,101,110,116,95,115,101,99,114,101,116,34,13,10,13,10,106,57,105,86,90,102,83,56,107,107,67,69,70,85,80,97,65,101,74,86,48,115,65,105,13,10,45,45,45,45,45,45,45,45,45,45,45,45,45,45,45,45,45,45,45,45,45,45,45,45,45,45,45,45,57,50,55,99,53,102,100,101,97,101,51,54,56,102,56,52,97,48,55,99,101,101,101,56,13,10,67,111,110,116,101,110,116,45,68,105,115,112,111,115,105,116,105,111,110,58,32,102,111,114,109,45,100,97,116,97,59,32,110,97,109,101,61,34,103,114,97,110,116,95,116,121,112,101,34,13,10,13,10,114,101,102,114,101,115,104,95,116,111,107,101,110,13,10,45,45,45,45,45,45,45,45,45,45,45,45,45,45,45,45,45,45,45,45,45,45,45,45,45,45,45,45,57,50,55,99,53,102,100,101,97,101,51,54,56,102,56,52,97,48,55,99,101,101,101,56,13,10,67,111,110,116,101,110,116,45,68,105,115,112,111,115,105,116,105,111,110,58,32,102,111,114,109,45,100,97,116,97,59,32,110,97,109,101,61,34,115,99,111,112,101,34,13,10,13,10,13,10,45,45,45,45,45,45,45,45,45,45,45,45,45,45,45,45,45,45,45,45,45,45,45,45,45,45,45,45,57,50,55,99,53,102,100,101,97,101,51,54,56,102,56,52,97,48,55,99,101,101,101,56,45,45,13,10]}}): Error: Client network socket disconnected before secure TLS connection was established
[debug] [2026-08-06T09:40:31.691Z] *** [apiv2] retrying https://www.googleapis.com/oauth2/v3/token without keep-alive after a premature close error
[debug] [2026-08-06T09:40:32.723Z] *** [apiv2] Attempting the request again. Attempt number 2
[debug] [2026-08-06T09:40:32.723Z] >>> [apiv2][query] POST https://www.googleapis.com/oauth2/v3/token [none]
[debug] [2026-08-06T09:40:32.723Z] >>> [apiv2][body] POST https://www.googleapis.com/oauth2/v3/token [omitted]
[debug] [2026-08-06T09:40:42.967Z] *** [apiv2] error from fetch(https://www.googleapis.com/oauth2/v3/token, {"headers":{},"method":"POST","body":{"type":"Buffer","data":[45,45,45,45,45,45,45,45,45,45,45,45,45,45,45,45,45,45,45,45,45,45,45,45,45,45,45,45,57,50,55,99,53,102,100,101,97,101,51,54,56,102,56,52,97,48,55,99,101,101,101,56,13,10,67,111,110,116,101,110,116,45,68,105,115,112,111,115,105,116,105,111,110,58,32,102,111,114,109,45,100,97,116,97,59,32,110,97,109,101,61,34,114,101,102,114,101,115,104,95,116,111,107,101,110,34,13,10,13,10,49,47,47,48,103,66,108,52,65,99,114,87,67,84,105,86,67,103,89,73,65,82,65,65,71,66,65,83,78,119,70,45,76,57,73,114,51,79,78,118,116,100,115,74,89,57,122,78,75,76,97,122,71,55,83,76,88,72,88,118,110,69,120,86,80,99,101,57,51,71,72,118,107,109,74,90,78,119,108,114,83,100,119,65,88,56,111,117,80,55,101,73,79,72,118,81,108,45,70,85,109,117,48,13,10,45,45,45,45,45,45,45,45,45,45,45,45,45,45,45,45,45,45,45,45,45,45,45,45,45,45,45,45,57,50,55,99,53,102,100,101,97,101,51,54,56,102,56,52,97,48,55,99,101,101,101,56,13,10,67,111,110,116,101,110,116,45,68,105,115,112,111,115,105,116,105,111,110,58,32,102,111,114,109,45,100,97,116,97,59,32,110,97,109,101,61,34,99,108,105,101,110,116,95,105,100,34,13,10,13,10,53,54,51,53,56,52,51,51,53,56,54,57,45,102,103,114,104,103,109,100,52,55,98,113,110,101,107,105,106,53,105,56,98,53,112,114,48,51,104,111,56,52,57,101,54,46,97,112,112,115,46,103,111,111,103,108,101,117,115,101,114,99,111,110,116,101,110,116,46,99,111,109,13,10,45,45,45,45,45,45,45,45,45,45,45,45,45,45,45,45,45,45,45,45,45,45,45,45,45,45,45,45,57,50,55,99,53,102,100,101,97,101,51,54,56,102,56,52,97,48,55,99,101,101,101,56,13,10,67,111,110,116,101,110,116,45,68,105,115,112,111,115,105,116,105,111,110,58,32,102,111,114,109,45,100,97,116,97,59,32,110,97,109,101,61,34,99,108,105,101,110,116,95,115,101,99,114,101,116,34,13,10,13,10,106,57,105,86,90,102,83,56,107,107,67,69,70,85,80,97,65,101,74,86,48,115,65,105,13,10,45,45,45,45,45,45,45,45,45,45,45,45,45,45,45,45,45,45,45,45,45,45,45,45,45,45,45,45,57,50,55,99,53,102,100,101,97,101,51,54,56,102,56,52,97,48,55,99,101,101,101,56,13,10,67,111,110,116,101,110,116,45,68,105,115,112,111,115,105,116,105,111,110,58,32,102,111,114,109,45,100,97,116,97,59,32,110,97,109,101,61,34,103,114,97,110,116,95,116,121,112,101,34,13,10,13,10,114,101,102,114,101,115,104,95,116,111,107,101,110,13,10,45,45,45,45,45,45,45,45,45,45,45,45,45,45,45,45,45,45,45,45,45,45,45,45,45,45,45,45,57,50,55,99,53,102,100,101,97,101,51,54,56,102,56,52,97,48,55,99,101,101,101,56,13,10,67,111,110,116,101,110,116,45,68,105,115,112,111,115,105,116,105,111,110,58,32,102,111,114,109,45,100,97,116,97,59,32,110,97,109,101,61,34,115,99,111,112,101,34,13,10,13,10,13,10,45,45,45,45,45,45,45,45,45,45,45,45,45,45,45,45,45,45,45,45,45,45,45,45,45,45,45,45,57,50,55,99,53,102,100,101,97,101,51,54,56,102,56,52,97,48,55,99,101,101,101,56,45,45,13,10]}}): Error: Client network socket disconnected before secure TLS connection was established
[error] Authentication Error: Your credentials are no longer valid. Please run firebase login --reauth

For CI servers and headless environments, generate a new token with firebase login:ci
[debug] [2026-08-06T09:40:42.968Z] Authentication Error: Your credentials are no longer valid. Please run firebase login --reauth

For CI servers and headless environments, generate a new token with firebase login:ci
[debug] [2026-08-06T09:40:47.986Z] Error: Timed out.
    at Timeout._onTimeout (C:\Users\ADMIN\AppData\Local\nvm\v22.22.2\node_modules\firebase-tools\lib\utils.js:296:49)
    at listOnTimeout (node:internal/timers:585:17)
    at process.processTimers (node:internal/timers:521:7)
[error] 
[error] Error: An unexpected error has occurred.
